// Jest Snapshot v1, https://goo.gl/fbAQLP

exports[`Category tests Category matches the snapshot 1`] = `
<div>
  <h2>
    CATEGORY1
  </h2>
  <Connect(Sorter) />
  <ul>
    <li>
      <Connect(PostSummary)
        postId="post1"
      />
    </li>
    <li>
      <Connect(PostSummary)
        postId="post2"
      />
    </li>
  </ul>
  <h4>
    <Link
      replace={false}
      to="/create"
    >
      New Post
    </Link>
  </h4>
  <h4>
    <Link
      replace={false}
      to="/"
    >
      View All Categories
    </Link>
  </h4>
</div>
`;
